
> gcip-frontend@1.0.0 build
> vite build

[36mvite v7.3.1 [32mbuilding client environment for production...[36m[39m
transforming...
[32m✓[39m 3075 modules transformed.
rendering chunks...
computing gzip size...
[2mdist/[22m[32mindex.html                 [39m[1m[2m    1.12 kB[22m[1m[22m[2m │ gzip:   0.58 kB[22m
[2mdist/[22m[35massets/index-OlCHF93e.css  [39m[1m[2m   49.09 kB[22m[1m[22m[2m │ gzip:  12.59 kB[22m
[2mdist/[22m[36massets/index-CDw6n7y1.js   [39m[1m[33m1,100.69 kB[39m[22m[2m │ gzip: 338.74 kB[22m
[32m✓ built in 18.15s[39m
